[2026-09-21 18:56:53] --- Sessão iniciada ---
[2026-09-21 18:57:39] Nova conta criada — titular: Gustavo Henrique Almeida da Silva, agência: 123, conta: 321
[2026-09-21 18:59:23] --- Sessão iniciada ---
[2026-09-21 18:59:39] Nova conta criada — titular: Gustavo, agência: testest, conta: 3423
[2026-09-21 19:02:28] --- Sessão iniciada ---
[2026-09-21 19:02:43] Nova conta criada — titular: gds, agência: hsfd, conta: hsdf
[2026-09-21 19:04:46] --- Sessão iniciada ---
[2026-09-21 19:04:51] Nova conta criada — titular: hfh, agência: h, conta: dfsh
[2026-09-21 19:06:21] --- Sessão iniciada ---
[2026-09-21 19:06:27] --- Sessão iniciada ---
[2026-09-21 19:06:38] Nova conta criada — titular: gdsagsad, agência: gsadgas, conta: gads
[2026-09-21 19:07:12] Levantamento recusado por saldo insuficiente: R$ 20.00
[2026-09-21 19:07:30] --- Sessão iniciada ---
[2026-09-21 19:07:30] Conta carregada do disco.
[2026-09-21 19:07:47] --- Sessão iniciada ---
[2026-09-21 19:07:47] Conta carregada do disco.
[2026-09-21 19:08:31] --- Sessão iniciada ---
[2026-09-21 19:08:31] ERRO ao carregar conta: Expecting value: line 1 column 1 (char 0)
[2026-09-21 19:08:50] Nova conta criada — titular: gustavo, agência: 456465, conta: 45655
[2026-09-21 19:09:08] Conta guardada em disco.
[2026-09-21 19:09:08] --- Sessão encerrada ---
[2026-09-21 19:09:12] --- Sessão iniciada ---
[2026-09-21 19:09:12] Conta carregada do disco.
[2026-09-21 19:10:36] --- Sessão iniciada ---
[2026-09-21 19:10:36] Conta carregada do disco.
[2026-09-21 19:10:37] Conta guardada em disco.
[2026-09-21 19:10:37] --- Sessão encerrada ---
[2026-09-21 19:10:42] --- Sessão iniciada ---
[2026-09-21 19:10:42] Conta carregada do disco.
[2026-09-21 19:13:36] --- Sessão iniciada ---
[2026-09-21 19:13:36] Conta carregada do disco.
[2026-09-21 19:18:40] --- Sessão iniciada ---
[2026-09-21 19:18:40] Conta carregada do disco.
[2026-09-21 19:19:33] --- Sessão iniciada ---
[2026-09-21 19:19:33] Conta carregada do disco.
[2026-09-21 19:20:57] --- Sessão iniciada ---
[2026-09-21 19:20:57] Conta carregada do disco.
[2026-09-21 19:21:27] --- Sessão iniciada ---
[2026-09-21 19:21:27] Conta carregada do disco.
[2026-09-21 19:21:35] --- Sessão iniciada ---
[2026-09-21 19:21:35] Conta carregada do disco.
[2026-09-21 19:21:39] --- Sessão iniciada ---
[2026-09-21 19:21:39] Conta carregada do disco.
[2026-09-21 19:21:56] --- Sessão iniciada ---
[2026-09-21 19:21:56] Conta carregada do disco.
[2026-09-21 19:21:59] --- Sessão iniciada ---
[2026-09-21 19:21:59] Conta carregada do disco.
[2026-09-21 19:22:29] --- Sessão iniciada ---
[2026-09-21 19:22:29] Conta carregada do disco.
[2026-09-21 19:22:51] --- Sessão iniciada ---
[2026-09-21 19:22:51] Conta carregada do disco.
[2026-09-21 19:23:15] --- Sessão iniciada ---
[2026-09-21 19:23:15] Conta carregada do disco.
[2026-09-21 19:23:35] --- Sessão iniciada ---
[2026-09-21 19:23:35] Conta carregada do disco.
[2026-09-21 19:26:28] --- Sessão iniciada ---
[2026-09-21 19:26:28] Conta carregada do disco.
[2026-09-21 19:26:45] --- Sessão iniciada ---
[2026-09-21 19:26:45] Conta carregada do disco.
[2026-09-21 19:27:57] --- Sessão iniciada ---
[2026-09-21 19:27:57] Conta carregada do disco.
[2026-09-21 19:28:31] --- Sessão iniciada ---
[2026-09-21 19:28:31] Conta carregada do disco.
[2026-09-21 19:28:42] --- Sessão iniciada ---
[2026-09-21 19:28:42] Conta carregada do disco.
[2026-09-21 19:29:24] --- Sessão iniciada ---
[2026-09-21 19:29:24] Conta carregada do disco.
[2026-09-21 19:29:29] --- Sessão iniciada ---
[2026-09-21 19:29:29] Conta carregada do disco.
[2026-09-21 19:29:36] --- Sessão iniciada ---
[2026-09-21 19:29:36] Conta carregada do disco.
[2026-09-21 19:29:47] Conta guardada em disco.
[2026-09-21 19:29:47] --- Sessão encerrada ---
[2026-09-21 19:29:51] --- Sessão iniciada ---
[2026-09-21 19:29:51] Conta carregada do disco.
[2026-09-21 19:30:06] --- Sessão iniciada ---
[2026-09-21 19:30:06] Conta carregada do disco.
[2026-09-21 19:30:59] --- Sessão iniciada ---
[2026-09-21 19:30:59] Conta carregada do disco.
[2026-09-21 19:31:07] --- Sessão iniciada ---
[2026-09-21 19:31:07] Conta carregada do disco.
[2026-09-21 19:31:29] --- Sessão iniciada ---
[2026-09-21 19:31:29] Conta carregada do disco.
[2026-09-21 19:32:19] --- Sessão iniciada ---
[2026-09-21 19:32:19] Conta carregada do disco.
[2026-09-21 19:32:37] --- Sessão iniciada ---
[2026-09-21 19:32:37] Conta carregada do disco.
[2026-09-21 19:33:28] --- Sessão iniciada ---
[2026-09-21 19:33:28] Conta carregada do disco.
[2026-09-21 19:33:33] Opção de menu inválida digitada: '12'
[2026-09-21 19:34:21] --- Sessão iniciada ---
[2026-09-21 19:34:21] Conta carregada do disco.
[2026-09-21 19:34:27] Opção de menu inválida digitada: '15'
[2026-09-21 19:35:01] --- Sessão iniciada ---
[2026-09-21 19:35:01] Conta carregada do disco.
[2026-09-21 19:35:13] Opção de menu inválida digitada: '123'
[2026-09-21 19:35:16] Opção de menu inválida digitada: '134'
[2026-09-21 19:36:18] --- Sessão iniciada ---
[2026-09-21 19:36:18] Conta carregada do disco.
[2026-09-21 19:36:35] --- Sessão iniciada ---
[2026-09-21 19:36:35] Conta carregada do disco.
[2026-09-21 19:36:40] Opção de menu inválida digitada: '152'
[2026-09-21 19:36:42] Opção de menu inválida digitada: '1562'
[2026-09-21 19:37:36] --- Sessão iniciada ---
[2026-09-21 19:37:36] Conta carregada do disco.
[2026-09-21 19:37:40] Conta guardada em disco.
[2026-09-21 19:37:40] --- Sessão encerrada ---
[2026-09-21 19:37:44] --- Sessão iniciada ---
[2026-09-21 19:37:44] Conta carregada do disco.
[2026-09-21 19:39:19] --- Sessão iniciada ---
[2026-09-21 19:39:19] Conta carregada do disco.
[2026-09-21 19:40:27] Opção de menu inválida digitada: '& C:/Python313/python.exe "c:/xampp/htdocs/Algoritimos/Aula 20.2/Algo_Prova3Bim/pybank.py"'
[2026-09-21 19:40:32] --- Sessão iniciada ---
[2026-09-21 19:40:32] Conta carregada do disco.
[2026-09-21 19:40:52] --- Sessão iniciada ---
[2026-09-21 19:40:52] Conta carregada do disco.
[2026-09-21 19:42:21] --- Sessão iniciada ---
[2026-09-21 19:42:21] Conta carregada do disco.
[2026-09-21 19:42:35] --- Sessão iniciada ---
[2026-09-21 19:42:35] Conta carregada do disco.
[2026-09-21 19:43:17] --- Sessão iniciada ---
[2026-09-21 19:43:17] Conta carregada do disco.
[2026-09-21 19:43:47] --- Sessão iniciada ---
[2026-09-21 19:43:47] Conta carregada do disco.
[2026-09-21 19:46:59] --- Sessão iniciada ---
[2026-09-21 19:46:59] Conta carregada do disco.
[2026-09-21 19:47:05] Conta guardada em disco.
[2026-09-21 19:47:05] --- Sessão encerrada ---
[2026-09-21 19:47:08] --- Sessão iniciada ---
[2026-09-21 19:47:08] Conta carregada do disco.
[2026-09-21 19:47:11] Opção de menu inválida digitada: '1324'
[2026-09-21 19:47:17] Depósito de R$ 126.00 na conta 45655. Novo saldo: R$ 126.00
[2026-09-21 19:52:32] --- Sessão iniciada ---
[2026-09-21 19:52:32] Conta carregada do disco.
[2026-09-21 19:52:47] --- Sessão iniciada ---
[2026-09-21 19:52:47] Conta carregada do disco.
[2026-09-21 19:52:59] --- Sessão iniciada ---
[2026-09-21 19:52:59] Conta carregada do disco.
[2026-09-21 19:56:19] --- Sessão iniciada ---
[2026-09-21 19:56:19] Conta carregada do disco.
[2026-09-21 19:56:22] Opção de menu inválida digitada: '1235'
[2026-09-21 19:56:24] Opção de menu inválida digitada: '5435'
[2026-09-21 19:56:25] Opção de menu inválida digitada: '3214'
[2026-09-21 19:56:34] Depósito de R$ 2012.00 na conta 45655. Novo saldo: R$ 2012.00
[2026-09-21 19:56:37] Opção de menu inválida digitada: '2542'
[2026-09-21 19:57:02] --- Sessão iniciada ---
[2026-09-21 19:57:02] Conta carregada do disco.
[2026-09-21 19:57:06] Tentativa de login com senha incorreta (tentativa 1) — conta 45655.
[2026-09-21 19:57:07] Tentativa de login com senha incorreta (tentativa 2) — conta 45655.
[2026-09-21 19:57:08] Tentativa de login com senha incorreta (tentativa 3) — conta 45655.
[2026-09-21 19:57:09] Tentativa de login com senha incorreta (tentativa 4) — conta 45655.
[2026-09-21 19:57:10] Login bem-sucedido — conta 45655.
[2026-09-21 19:57:28] Tentativa de troca de senha falhou (confirmação não coincide) — conta 45655.
[2026-09-21 19:57:36] Tentativa de troca de senha falhou (senha atual incorreta) — conta 45655.
[2026-09-21 19:57:54] Conta guardada em disco.
[2026-09-21 19:57:54] Senha alterada com sucesso — conta 45655.
[2026-09-21 19:57:56] Conta guardada em disco.
[2026-09-21 19:57:56] --- Sessão encerrada ---
[2026-09-21 19:58:00] --- Sessão iniciada ---
[2026-09-21 19:58:00] Conta carregada do disco.
[2026-09-21 19:58:06] Tentativa de login com senha incorreta (tentativa 1) — conta 45655.
[2026-09-21 19:58:09] Login bem-sucedido — conta 45655.
[2026-09-21 19:59:42] --- Sessão iniciada ---
[2026-09-21 19:59:42] Conta carregada do disco.
[2026-09-21 19:59:44] Tentativa de login com senha incorreta (tentativa 4) — conta 45655.
[2026-09-21 19:59:45] Tentativa de login com senha incorreta (tentativa 5) — conta 45655.
[2026-09-21 19:59:47] Tentativa de login com senha incorreta (tentativa 6) — conta 45655.
[2026-09-21 19:59:48] Tentativa de login com senha incorreta (tentativa 7) — conta 45655.
[2026-09-21 19:59:48] Tentativa de login com senha incorreta (tentativa 8) — conta 45655.
[2026-09-21 20:00:01] --- Sessão iniciada ---
[2026-09-21 20:00:01] Conta carregada do disco.
[2026-09-21 20:00:04] Tentativa de login com senha incorreta (tentativa 4) — conta 45655.
[2026-09-21 20:00:05] Login bem-sucedido — conta 45655.
[2026-09-21 20:11:51] --- Sessão iniciada ---
[2026-09-21 20:11:51] Conta carregada do disco.
[2026-09-21 20:11:55] Tentativa de login com senha incorreta (tentativa 1) — conta 45655.
[2026-09-21 20:11:56] Login bem-sucedido — conta 45655.
[2026-09-21 20:12:54] --- Sessão iniciada ---
[2026-09-21 20:12:54] Conta carregada do disco.
[2026-09-21 20:13:00] Login bem-sucedido — conta 45655.
[2026-09-21 20:13:23] --- Sessão iniciada ---
[2026-09-21 20:13:23] Conta carregada do disco.
[2026-09-21 20:13:25] Login bem-sucedido — conta 45655.
[2026-09-21 20:13:39] Depósito de R$ 200.00 na conta 45655. Novo saldo: R$ 200.00
[2026-09-21 20:13:44] --- Sessão iniciada ---
[2026-09-21 20:13:44] Conta carregada do disco.
[2026-09-21 20:13:46] Login bem-sucedido — conta 45655.
[2026-09-21 20:14:09] --- Sessão iniciada ---
[2026-09-21 20:14:09] Conta carregada do disco.
[2026-09-21 20:14:11] Login bem-sucedido — conta 45655.
[2026-09-21 20:14:17] Depósito de R$ 2000.00 na conta 45655. Novo saldo: R$ 2000.00
[2026-09-21 20:14:20] Conta guardada em disco.
[2026-09-21 20:14:20] --- Sessão encerrada ---
[2026-09-21 20:14:24] --- Sessão iniciada ---
[2026-09-21 20:14:24] Conta carregada do disco.
[2026-09-21 20:14:26] Login bem-sucedido — conta 45655.
[2026-09-21 20:14:31] Depósito de R$ 200.00 na conta 45655. Novo saldo: R$ 2200.00
[2026-09-21 20:14:35] --- Sessão iniciada ---
[2026-09-21 20:14:35] Conta carregada do disco.
[2026-09-21 20:14:38] Login bem-sucedido — conta 45655.
[2026-09-21 20:14:45] Depósito de R$ 200.00 na conta 45655. Novo saldo: R$ 2200.00
[2026-09-21 20:14:48] Conta guardada em disco.
[2026-09-21 20:14:48] --- Sessão encerrada ---
[2026-09-21 20:15:28] --- Sessão iniciada ---
[2026-09-21 20:15:28] Conta carregada do disco.
[2026-09-21 20:15:31] Login bem-sucedido — conta 45655.
[2026-09-21 20:15:34] Depósito de R$ 256.00 na conta 45655. Novo saldo: R$ 2456.00
[2026-09-21 20:17:18] --- Sessão iniciada ---
[2026-09-21 20:17:18] Conta carregada do disco.
[2026-09-21 20:17:20] Login bem-sucedido — conta 45655.
[2026-09-21 20:22:28] --- Sessão iniciada ---
[2026-09-21 20:22:28] Conta carregada do disco.
[2026-09-21 20:22:31] Tentativa de login com senha incorreta (tentativa 1) — conta 45655.
[2026-09-21 20:22:33] Tentativa de login com senha incorreta (tentativa 2) — conta 45655.
[2026-09-21 20:22:34] Login bem-sucedido — conta 45655.
[2026-09-21 20:23:05] --- Sessão iniciada ---
[2026-09-21 20:23:05] Conta carregada do disco.
[2026-09-21 20:23:16] Tentativa de login com senha incorreta (tentativa 1) — conta 45655.
[2026-09-21 20:23:25] --- Sessão iniciada ---
[2026-09-21 20:23:25] Conta carregada do disco.
[2026-09-21 20:23:27] Login bem-sucedido — conta 45655.
[2026-09-21 20:23:29] Opção de menu inválida digitada: '& C:/Python313/python.exe "c:/xampp/htdocs/Algoritimos/Aula 20.2/Algo_Prova3Bim/pybank.py"'
[2026-09-21 20:28:08] --- Sessão iniciada ---
[2026-09-21 20:28:08] Conta carregada do disco.
[2026-09-21 20:28:11] Login bem-sucedido — conta 45655.
[2026-09-21 20:28:31] --- Sessão iniciada ---
[2026-09-21 20:28:31] Conta carregada do disco.
[2026-09-21 20:28:51] --- Sessão iniciada ---
[2026-09-21 20:28:51] Conta carregada do disco.
[2026-09-21 20:28:53] Login bem-sucedido — conta 45655.
[2026-09-21 20:30:22] --- Sessão iniciada ---
[2026-09-21 20:30:22] Conta carregada do disco.
[2026-09-21 20:30:29] Login bem-sucedido — conta 45655.
[2026-09-21 20:38:18] --- Sessão iniciada ---
[2026-09-21 20:38:18] Contas guardadas em disco.
[2026-09-21 20:38:18] Conta 45655 migrada do formato antigo (conta_completa.json).
[2026-09-21 20:38:36] Login bem-sucedido — conta 45655.
[2026-09-21 20:38:46] Transferência falhou: conta destino '265' não encontrada (origem 45655).
[2026-09-21 20:38:49] Contas guardadas em disco.
[2026-09-21 20:38:49] Logout da conta 45655 — alternância de conta.
[2026-09-21 20:39:03] Nova conta criada — titular: fdfas, agência: fda, conta: fsd
[2026-09-21 20:39:03] Contas guardadas em disco.
[2026-09-21 20:39:06] Login bem-sucedido — conta fsd.
[2026-09-21 20:40:26] --- Sessão iniciada ---
[2026-09-21 20:40:26] Contas carregadas do disco.
[2026-09-21 20:40:34] Login bem-sucedido — conta 45655.
[2026-09-21 20:41:16] --- Sessão iniciada ---
[2026-09-21 20:41:16] ERRO ao carregar contas: Expecting value: line 1 column 1 (char 0)
[2026-09-21 20:41:16] ERRO ao tentar migrar conta antiga: Expecting value: line 1 column 1 (char 0)
